Requirement already satisfied: PyJWT==2.11.0 in ./.venv/lib/python3.10/site-packages (from -r requirements.txt (line 1)) (2.11.0)
Requirement already satisfied: RapidFuzz==3.14.3 in ./.venv/lib/python3.10/site-packages (from -r requirements.txt (line 2)) (3.14.3)
Requirement already satisfied: attrs==25.4.0 in ./.venv/lib/python3.10/site-packages (from -r requirements.txt (line 3)) (25.4.0)
Requirement already satisfied: cattrs==25.3.0 in ./.venv/lib/python3.10/site-packages (from -r requirements.txt (line 4)) (25.3.0)
Requirement already satisfied: certifi==2026.1.4 in ./.venv/lib/python3.10/site-packages (from -r requirements.txt (line 5)) (2026.1.4)
Requirement already satisfied: cffi==2.0.0 in ./.venv/lib/python3.10/site-packages (from -r requirements.txt (line 6)) (2.0.0)
Requirement already satisfied: charset-normalizer==3.4.4 in ./.venv/lib/python3.10/site-packages (from -r requirements.txt (line 7)) (3.4.4)
Requirement already satisfied: contourpy==1.3.2 in ./.venv/lib/python3.10/site-packages (from -r requirements.txt (line 8)) (1.3.2)
Requirement already satisfied: cryptography==46.0.4 in ./.venv/lib/python3.10/site-packages (from -r requirements.txt (line 9)) (46.0.4)
Requirement already satisfied: cycler==0.12.1 in ./.venv/lib/python3.10/site-packages (from -r requirements.txt (line 10)) (0.12.1)
Requirement already satisfied: exceptiongroup==1.3.1 in ./.venv/lib/python3.10/site-packages (from -r requirements.txt (line 11)) (1.3.1)
Requirement already satisfied: fastf1==3.7.0 in ./.venv/lib/python3.10/site-packages (from -r requirements.txt (line 12)) (3.7.0)
Requirement already satisfied: fonttools==4.61.1 in ./.venv/lib/python3.10/site-packages (from -r requirements.txt (line 13)) (4.61.1)
Requirement already satisfied: idna==3.11 in ./.venv/lib/python3.10/site-packages (from -r requirements.txt (line 14)) (3.11)
Requirement already satisfied: kiwisolver==1.4.9 in ./.venv/lib/python3.10/site-packages (from -r requirements.txt (line 15)) (1.4.9)
Requirement already satisfied: matplotlib==3.10.8 in ./.venv/lib/python3.10/site-packages (from -r requirements.txt (line 16)) (3.10.8)
Requirement already satisfied: msgpack==1.0.2 in ./.venv/lib/python3.10/site-packages (from -r requirements.txt (line 17)) (1.0.2)
Requirement already satisfied: numpy==2.2.6 in ./.venv/lib/python3.10/site-packages (from -r requirements.txt (line 18)) (2.2.6)
Requirement already satisfied: packaging==26.0 in ./.venv/lib/python3.10/site-packages (from -r requirements.txt (line 19)) (26.0)
Requirement already satisfied: pandas==2.3.3 in ./.venv/lib/python3.10/site-packages (from -r requirements.txt (line 20)) (2.3.3)
Requirement already satisfied: pillow==12.1.0 in ./.venv/lib/python3.10/site-packages (from -r requirements.txt (line 21)) (12.1.0)
Requirement already satisfied: platformdirs==4.5.1 in ./.venv/lib/python3.10/site-packages (from -r requirements.txt (line 22)) (4.5.1)
Requirement already satisfied: pycparser==3.0 in ./.venv/lib/python3.10/site-packages (from -r requirements.txt (line 23)) (3.0)
Requirement already satisfied: pyparsing==3.3.2 in ./.venv/lib/python3.10/site-packages (from -r requirements.txt (line 24)) (3.3.2)
Requirement already satisfied: python-dateutil==2.9.0.post0 in ./.venv/lib/python3.10/site-packages (from -r requirements.txt (line 25)) (2.9.0.post0)
Requirement already satisfied: pytz==2025.2 in ./.venv/lib/python3.10/site-packages (from -r requirements.txt (line 26)) (2025.2)
Requirement already satisfied: requests-cache==1.3.0 in ./.venv/lib/python3.10/site-packages (from -r requirements.txt (line 27)) (1.3.0)
Requirement already satisfied: requests==2.32.5 in ./.venv/lib/python3.10/site-packages (from -r requirements.txt (line 28)) (2.32.5)
Requirement already satisfied: scipy==1.15.3 in ./.venv/lib/python3.10/site-packages (from -r requirements.txt (line 29)) (1.15.3)
Requirement already satisfied: signalrcore==0.9.71 in ./.venv/lib/python3.10/site-packages (from -r requirements.txt (line 30)) (0.9.71)
Requirement already satisfied: six==1.17.0 in ./.venv/lib/python3.10/site-packages (from -r requirements.txt (line 31)) (1.17.0)
Requirement already satisfied: timple==0.1.8 in ./.venv/lib/python3.10/site-packages (from -r requirements.txt (line 32)) (0.1.8)
Requirement already satisfied: typing_extensions==4.15.0 in ./.venv/lib/python3.10/site-packages (from -r requirements.txt (line 33)) (4.15.0)
Requirement already satisfied: tzdata==2025.3 in ./.venv/lib/python3.10/site-packages (from -r requirements.txt (line 34)) (2025.3)
Requirement already satisfied: url-normalize==2.2.1 in ./.venv/lib/python3.10/site-packages (from -r requirements.txt (line 35)) (2.2.1)
Requirement already satisfied: urllib3==2.6.3 in ./.venv/lib/python3.10/site-packages (from -r requirements.txt (line 36)) (2.6.3)
Requirement already satisfied: websockets==16.0 in ./.venv/lib/python3.10/site-packages (from -r requirements.txt (line 37)) (16.0)
